
34. Executing CHECK pass (checking for obvious problems).
Checking module CorePipelinedWithoutMemory...
Checking module HazardControlUnit...
Checking module WriteBackStage...
Checking module $paramod\FlipFlopEnable\SIZE=s32'00000000000000000000000001101010...
Checking module ExecuteStagePipelined...
Checking module FlipFlopEnable...
Checking module $paramod$b13d3de1b1ad55c05c12ca54ba02e2575ebb0fbe\DataMemWithoutMem...
Checking module Adder...
Checking module FetchStageWithoutImem...
Checking module MemStageWithoutMemory...
Checking module ImmExtender...
Checking module Shifter...
Checking module InstTypeDecoder...
Checking module $paramod\FlipFlopEnable\SIZE=s32'00000000000000000000000001100001...
Checking module $paramod\FlipFlopEnable\SIZE=s32'00000000000000000000000010111101...
Checking module HazardEncoder...
Checking module FourtoOneMux...
Checking module DecodeControlword...
Checking module DecodeStagePipelined...
Checking module RegFile...
Checking module ConditionCheck...
Checking module $paramod\FlipFlopEnable\SIZE=s32'00000000000000000000000001101111...
Checking module ALU...
Found and reported 0 problems.
