
117. Executing CHECK pass (checking for obvious problems).
Checking module CorePipelinedWithoutMemory...
Warning: Wire CorePipelinedWithoutMemory.\wmask [3] is used but has no driver.
Warning: Wire CorePipelinedWithoutMemory.\wmask [2] is used but has no driver.
Warning: Wire CorePipelinedWithoutMemory.\wmask [1] is used but has no driver.
Warning: Wire CorePipelinedWithoutMemory.\wmask [0] is used but has no driver.
Warning: Wire CorePipelinedWithoutMemory.\pc_if [31] is used but has no driver.
Warning: Wire CorePipelinedWithoutMemory.\pc_if [30] is used but has no driver.
Warning: Wire CorePipelinedWithoutMemory.\pc_if [29] is used but has no driver.
Warning: Wire CorePipelinedWithoutMemory.\pc_if [28] is used but has no driver.
Warning: Wire CorePipelinedWithoutMemory.\pc_if [27] is used but has no driver.
Warning: Wire CorePipelinedWithoutMemory.\pc_if [26] is used but has no driver.
Warning: Wire CorePipelinedWithoutMemory.\pc_if [25] is used but has no driver.
Warning: Wire CorePipelinedWithoutMemory.\pc_if [24] is used but has no driver.
Warning: Wire CorePipelinedWithoutMemory.\pc_if [23] is used but has no driver.
Warning: Wire CorePipelinedWithoutMemory.\pc_if [22] is used but has no driver.
Warning: Wire CorePipelinedWithoutMemory.\pc_if [21] is used but has no driver.
Warning: Wire CorePipelinedWithoutMemory.\pc_if [20] is used but has no driver.
Warning: Wire CorePipelinedWithoutMemory.\pc_if [19] is used but has no driver.
Warning: Wire CorePipelinedWithoutMemory.\pc_if [18] is used but has no driver.
Warning: Wire CorePipelinedWithoutMemory.\pc_if [17] is used but has no driver.
Warning: Wire CorePipelinedWithoutMemory.\pc_if [16] is used but has no driver.
Warning: Wire CorePipelinedWithoutMemory.\pc_if [15] is used but has no driver.
Warning: Wire CorePipelinedWithoutMemory.\pc_if [14] is used but has no driver.
Warning: Wire CorePipelinedWithoutMemory.\pc_if [13] is used but has no driver.
Warning: Wire CorePipelinedWithoutMemory.\pc_if [12] is used but has no driver.
Warning: Wire CorePipelinedWithoutMemory.\pc_if [11] is used but has no driver.
Warning: Wire CorePipelinedWithoutMemory.\pc_if [10] is used but has no driver.
Warning: Wire CorePipelinedWithoutMemory.\pc_if [9] is used but has no driver.
Warning: Wire CorePipelinedWithoutMemory.\pc_if [8] is used but has no driver.
Warning: Wire CorePipelinedWithoutMemory.\pc_if [7] is used but has no driver.
Warning: Wire CorePipelinedWithoutMemory.\pc_if [6] is used but has no driver.
Warning: Wire CorePipelinedWithoutMemory.\pc_if [5] is used but has no driver.
Warning: Wire CorePipelinedWithoutMemory.\pc_if [4] is used but has no driver.
Warning: Wire CorePipelinedWithoutMemory.\pc_if [3] is used but has no driver.
Warning: Wire CorePipelinedWithoutMemory.\pc_if [2] is used but has no driver.
Warning: Wire CorePipelinedWithoutMemory.\pc_if [1] is used but has no driver.
Warning: Wire CorePipelinedWithoutMemory.\pc_if [0] is used but has no driver.
Warning: Wire CorePipelinedWithoutMemory.\mem_write_data [31] is used but has no driver.
Warning: Wire CorePipelinedWithoutMemory.\mem_write_data [30] is used but has no driver.
Warning: Wire CorePipelinedWithoutMemory.\mem_write_data [29] is used but has no driver.
Warning: Wire CorePipelinedWithoutMemory.\mem_write_data [28] is used but has no driver.
Warning: Wire CorePipelinedWithoutMemory.\mem_write_data [27] is used but has no driver.
Warning: Wire CorePipelinedWithoutMemory.\mem_write_data [26] is used but has no driver.
Warning: Wire CorePipelinedWithoutMemory.\mem_write_data [25] is used but has no driver.
Warning: Wire CorePipelinedWithoutMemory.\mem_write_data [24] is used but has no driver.
Warning: Wire CorePipelinedWithoutMemory.\mem_write_data [23] is used but has no driver.
Warning: Wire CorePipelinedWithoutMemory.\mem_write_data [22] is used but has no driver.
Warning: Wire CorePipelinedWithoutMemory.\mem_write_data [21] is used but has no driver.
Warning: Wire CorePipelinedWithoutMemory.\mem_write_data [20] is used but has no driver.
Warning: Wire CorePipelinedWithoutMemory.\mem_write_data [19] is used but has no driver.
Warning: Wire CorePipelinedWithoutMemory.\mem_write_data [18] is used but has no driver.
Warning: Wire CorePipelinedWithoutMemory.\mem_write_data [17] is used but has no driver.
Warning: Wire CorePipelinedWithoutMemory.\mem_write_data [16] is used but has no driver.
Warning: Wire CorePipelinedWithoutMemory.\mem_write_data [15] is used but has no driver.
Warning: Wire CorePipelinedWithoutMemory.\mem_write_data [14] is used but has no driver.
Warning: Wire CorePipelinedWithoutMemory.\mem_write_data [13] is used but has no driver.
Warning: Wire CorePipelinedWithoutMemory.\mem_write_data [12] is used but has no driver.
Warning: Wire CorePipelinedWithoutMemory.\mem_write_data [11] is used but has no driver.
Warning: Wire CorePipelinedWithoutMemory.\mem_write_data [10] is used but has no driver.
Warning: Wire CorePipelinedWithoutMemory.\mem_write_data [9] is used but has no driver.
Warning: Wire CorePipelinedWithoutMemory.\mem_write_data [8] is used but has no driver.
Warning: Wire CorePipelinedWithoutMemory.\mem_write_data [7] is used but has no driver.
Warning: Wire CorePipelinedWithoutMemory.\mem_write_data [6] is used but has no driver.
Warning: Wire CorePipelinedWithoutMemory.\mem_write_data [5] is used but has no driver.
Warning: Wire CorePipelinedWithoutMemory.\mem_write_data [4] is used but has no driver.
Warning: Wire CorePipelinedWithoutMemory.\mem_write_data [3] is used but has no driver.
Warning: Wire CorePipelinedWithoutMemory.\mem_write_data [2] is used but has no driver.
Warning: Wire CorePipelinedWithoutMemory.\mem_write_data [1] is used but has no driver.
Warning: Wire CorePipelinedWithoutMemory.\mem_write_data [0] is used but has no driver.
Warning: Wire CorePipelinedWithoutMemory.\mem_write_adr [31] is used but has no driver.
Warning: Wire CorePipelinedWithoutMemory.\mem_write_adr [30] is used but has no driver.
Warning: Wire CorePipelinedWithoutMemory.\mem_write_adr [29] is used but has no driver.
Warning: Wire CorePipelinedWithoutMemory.\mem_write_adr [28] is used but has no driver.
Warning: Wire CorePipelinedWithoutMemory.\mem_write_adr [27] is used but has no driver.
Warning: Wire CorePipelinedWithoutMemory.\mem_write_adr [26] is used but has no driver.
Warning: Wire CorePipelinedWithoutMemory.\mem_write_adr [25] is used but has no driver.
Warning: Wire CorePipelinedWithoutMemory.\mem_write_adr [24] is used but has no driver.
Warning: Wire CorePipelinedWithoutMemory.\mem_write_adr [23] is used but has no driver.
Warning: Wire CorePipelinedWithoutMemory.\mem_write_adr [22] is used but has no driver.
Warning: Wire CorePipelinedWithoutMemory.\mem_write_adr [21] is used but has no driver.
Warning: Wire CorePipelinedWithoutMemory.\mem_write_adr [20] is used but has no driver.
Warning: Wire CorePipelinedWithoutMemory.\mem_write_adr [19] is used but has no driver.
Warning: Wire CorePipelinedWithoutMemory.\mem_write_adr [18] is used but has no driver.
Warning: Wire CorePipelinedWithoutMemory.\mem_write_adr [17] is used but has no driver.
Warning: Wire CorePipelinedWithoutMemory.\mem_write_adr [16] is used but has no driver.
Warning: Wire CorePipelinedWithoutMemory.\mem_write_adr [15] is used but has no driver.
Warning: Wire CorePipelinedWithoutMemory.\mem_write_adr [14] is used but has no driver.
Warning: Wire CorePipelinedWithoutMemory.\mem_write_adr [13] is used but has no driver.
Warning: Wire CorePipelinedWithoutMemory.\mem_write_adr [12] is used but has no driver.
Warning: Wire CorePipelinedWithoutMemory.\mem_write_adr [11] is used but has no driver.
Warning: Wire CorePipelinedWithoutMemory.\mem_write_adr [10] is used but has no driver.
Warning: Wire CorePipelinedWithoutMemory.\mem_write_adr [9] is used but has no driver.
Warning: Wire CorePipelinedWithoutMemory.\mem_write_adr [8] is used but has no driver.
Warning: Wire CorePipelinedWithoutMemory.\mem_write_adr [7] is used but has no driver.
Warning: Wire CorePipelinedWithoutMemory.\mem_write_adr [6] is used but has no driver.
Warning: Wire CorePipelinedWithoutMemory.\mem_write_adr [5] is used but has no driver.
Warning: Wire CorePipelinedWithoutMemory.\mem_write_adr [4] is used but has no driver.
Warning: Wire CorePipelinedWithoutMemory.\mem_write_adr [3] is used but has no driver.
Warning: Wire CorePipelinedWithoutMemory.\mem_write_adr [2] is used but has no driver.
Warning: Wire CorePipelinedWithoutMemory.\mem_write_adr [1] is used but has no driver.
Warning: Wire CorePipelinedWithoutMemory.\mem_write_adr [0] is used but has no driver.
Warning: Wire CorePipelinedWithoutMemory.\mem_we0 is used but has no driver.
Warning: Wire CorePipelinedWithoutMemory.\mem_read_adr [31] is used but has no driver.
Warning: Wire CorePipelinedWithoutMemory.\mem_read_adr [30] is used but has no driver.
Warning: Wire CorePipelinedWithoutMemory.\mem_read_adr [29] is used but has no driver.
Warning: Wire CorePipelinedWithoutMemory.\mem_read_adr [28] is used but has no driver.
Warning: Wire CorePipelinedWithoutMemory.\mem_read_adr [27] is used but has no driver.
Warning: Wire CorePipelinedWithoutMemory.\mem_read_adr [26] is used but has no driver.
Warning: Wire CorePipelinedWithoutMemory.\mem_read_adr [25] is used but has no driver.
Warning: Wire CorePipelinedWithoutMemory.\mem_read_adr [24] is used but has no driver.
Warning: Wire CorePipelinedWithoutMemory.\mem_read_adr [23] is used but has no driver.
Warning: Wire CorePipelinedWithoutMemory.\mem_read_adr [22] is used but has no driver.
Warning: Wire CorePipelinedWithoutMemory.\mem_read_adr [21] is used but has no driver.
Warning: Wire CorePipelinedWithoutMemory.\mem_read_adr [20] is used but has no driver.
Warning: Wire CorePipelinedWithoutMemory.\mem_read_adr [19] is used but has no driver.
Warning: Wire CorePipelinedWithoutMemory.\mem_read_adr [18] is used but has no driver.
Warning: Wire CorePipelinedWithoutMemory.\mem_read_adr [17] is used but has no driver.
Warning: Wire CorePipelinedWithoutMemory.\mem_read_adr [16] is used but has no driver.
Warning: Wire CorePipelinedWithoutMemory.\mem_read_adr [15] is used but has no driver.
Warning: Wire CorePipelinedWithoutMemory.\mem_read_adr [14] is used but has no driver.
Warning: Wire CorePipelinedWithoutMemory.\mem_read_adr [13] is used but has no driver.
Warning: Wire CorePipelinedWithoutMemory.\mem_read_adr [12] is used but has no driver.
Warning: Wire CorePipelinedWithoutMemory.\mem_read_adr [11] is used but has no driver.
Warning: Wire CorePipelinedWithoutMemory.\mem_read_adr [10] is used but has no driver.
Warning: Wire CorePipelinedWithoutMemory.\mem_read_adr [9] is used but has no driver.
Warning: Wire CorePipelinedWithoutMemory.\mem_read_adr [8] is used but has no driver.
Warning: Wire CorePipelinedWithoutMemory.\mem_read_adr [7] is used but has no driver.
Warning: Wire CorePipelinedWithoutMemory.\mem_read_adr [6] is used but has no driver.
Warning: Wire CorePipelinedWithoutMemory.\mem_read_adr [5] is used but has no driver.
Warning: Wire CorePipelinedWithoutMemory.\mem_read_adr [4] is used but has no driver.
Warning: Wire CorePipelinedWithoutMemory.\mem_read_adr [3] is used but has no driver.
Warning: Wire CorePipelinedWithoutMemory.\mem_read_adr [2] is used but has no driver.
Warning: Wire CorePipelinedWithoutMemory.\mem_read_adr [1] is used but has no driver.
Warning: Wire CorePipelinedWithoutMemory.\mem_read_adr [0] is used but has no driver.
Found and reported 133 problems.
